\BOOKMARK [1][-]{section.1}{\376\377\000I\000n\000t\000r\000o\000d\000u\000c\000t\000i\000o\000n}{}% 1
\BOOKMARK [1][-]{section.2}{\376\377\000S\000y\000s\000t\000e\000m\000\040\000a\000n\000d\000\040\000m\000e\000t\000h\000o\000d\000s}{}% 2
\BOOKMARK [2][-]{subsection.2.1}{\376\377\000D\000e\000s\000i\000g\000n\000\040\000g\000o\000a\000l\000s}{section.2}% 3
\BOOKMARK [2][-]{subsection.2.2}{\376\377\000I\000n\000p\000u\000t\000\040\000f\000o\000r\000m\000a\000t\000\040\000d\000e\000t\000e\000c\000t\000i\000o\000n}{section.2}% 4
\BOOKMARK [2][-]{subsection.2.3}{\376\377\000E\000x\000p\000r\000e\000s\000s\000i\000o\000n\000\040\000o\000r\000i\000e\000n\000t\000a\000t\000i\000o\000n\000\040\000i\000n\000f\000e\000r\000e\000n\000c\000e}{section.2}% 5
\BOOKMARK [2][-]{subsection.2.4}{\376\377\000M\000e\000t\000a\000d\000a\000t\000a\000\040\000e\000n\000d\000p\000o\000i\000n\000t\000\040\000i\000n\000f\000e\000r\000e\000n\000c\000e}{section.2}% 6
\BOOKMARK [2][-]{subsection.2.5}{\376\377\000G\000e\000n\000e\000,\000\040\000p\000r\000o\000b\000e\000,\000\040\000a\000n\000d\000\040\000E\000n\000s\000e\000m\000b\000l\000\040\000h\000a\000r\000m\000o\000n\000i\000z\000a\000t\000i\000o\000n}{section.2}% 7
\BOOKMARK [2][-]{subsection.2.6}{\376\377\000S\000a\000m\000p\000l\000e\000\040\000o\000v\000e\000r\000l\000a\000p\000\040\000v\000a\000l\000i\000d\000a\000t\000i\000o\000n}{section.2}% 8
\BOOKMARK [2][-]{subsection.2.7}{\376\377\000A\000s\000s\000i\000s\000t\000e\000d\000\040\000a\000n\000d\000\040\000n\000o\000n\000-\000i\000n\000t\000e\000r\000a\000c\000t\000i\000v\000e\000\040\000b\000e\000h\000a\000v\000i\000o\000r}{section.2}% 9
\BOOKMARK [2][-]{subsection.2.8}{\376\377\000O\000u\000t\000p\000u\000t\000\040\000c\000o\000n\000t\000r\000a\000c\000t\000s}{section.2}% 10
\BOOKMARK [1][-]{section.3}{\376\377\000S\000o\000f\000t\000w\000a\000r\000e\000\040\000i\000m\000p\000l\000e\000m\000e\000n\000t\000a\000t\000i\000o\000n}{}% 11
\BOOKMARK [2][-]{subsection.3.1}{\376\377\000P\000a\000c\000k\000a\000g\000e\000\040\000l\000a\000y\000o\000u\000t\000\040\000a\000n\000d\000\040\000r\000e\000l\000e\000a\000s\000e\000\040\000e\000n\000g\000i\000n\000e\000e\000r\000i\000n\000g}{section.3}% 12
\BOOKMARK [2][-]{subsection.3.2}{\376\377\000C\000o\000m\000m\000a\000n\000d\000-\000l\000i\000n\000e\000\040\000e\000r\000g\000o\000n\000o\000m\000i\000c\000s}{section.3}% 13
\BOOKMARK [1][-]{section.4}{\376\377\000E\000n\000d\000p\000o\000i\000n\000t\000\040\000l\000o\000c\000k\000i\000n\000g\000\040\000a\000n\000d\000\040\000a\000x\000i\000s\000\040\000s\000c\000o\000r\000i\000n\000g}{}% 14
\BOOKMARK [2][-]{subsection.4.1}{\376\377\000A\000x\000i\000s\000\040\000r\000e\000g\000i\000s\000t\000r\000y\000\040\000d\000e\000s\000i\000g\000n}{section.4}% 15
\BOOKMARK [2][-]{subsection.4.2}{\376\377\000C\000o\000v\000e\000r\000a\000g\000e\000-\000a\000w\000a\000r\000e\000\040\000s\000c\000o\000r\000i\000n\000g}{section.4}% 16
\BOOKMARK [1][-]{section.5}{\376\377\000R\000e\000s\000e\000a\000r\000c\000h\000-\000u\000s\000e\000\040\000r\000i\000s\000k\000\040\000s\000c\000o\000r\000i\000n\000g}{}% 17
\BOOKMARK [1][-]{section.6}{\376\377\000V\000a\000l\000i\000d\000a\000t\000i\000o\000n\000\040\000a\000n\000d\000\040\000b\000e\000n\000c\000h\000m\000a\000r\000k\000i\000n\000g}{}% 18
\BOOKMARK [2][-]{subsection.6.1}{\376\377\000L\000e\000a\000k\000a\000g\000e\000\040\000a\000n\000d\000\040\000c\000l\000a\000i\000m\000-\000s\000a\000f\000e\000t\000y\000\040\000a\000u\000d\000i\000t\000s}{section.6}% 19
\BOOKMARK [2][-]{subsection.6.2}{\376\377\000B\000e\000n\000c\000h\000m\000a\000r\000k\000i\000n\000g\000\040\000p\000h\000i\000l\000o\000s\000o\000p\000h\000y}{section.6}% 20
\BOOKMARK [1][-]{section.7}{\376\377\000C\000a\000s\000e\000\040\000s\000t\000u\000d\000i\000e\000s\000\040\000a\000c\000r\000o\000s\000s\000\040\000A\000D\000\040\000a\000n\000d\000\040\000P\000D\000\040\000c\000o\000h\000o\000r\000t\000s}{}% 21
\BOOKMARK [2][-]{subsection.7.1}{\376\377\000S\000E\000A\000-\000A\000D\000\040\000d\000e\000m\000o\000n\000s\000t\000r\000a\000t\000i\000o\000n}{section.7}% 22
\BOOKMARK [2][-]{subsection.7.2}{\376\377\000G\000S\000E\0001\0007\0004\0003\0006\0007\000\040\000d\000e\000m\000o\000n\000s\000t\000r\000a\000t\000i\000o\000n}{section.7}% 23
\BOOKMARK [2][-]{subsection.7.3}{\376\377\000P\000D\000\040\000c\000o\000h\000o\000r\000t\000\040\000d\000e\000m\000o\000n\000s\000t\000r\000a\000t\000i\000o\000n\000s}{section.7}% 24
\BOOKMARK [1][-]{section.8}{\376\377\000R\000e\000s\000u\000l\000t\000s}{}% 25
\BOOKMARK [2][-]{subsection.8.1}{\376\377\000R\000e\000a\000l\000-\000w\000o\000r\000l\000d\000\040\000G\000E\000O\000\040\000s\000m\000o\000k\000e\000\040\000t\000e\000s\000t}{section.8}% 26
\BOOKMARK [2][-]{subsection.8.2}{\376\377\000U\000s\000e\000r\000\040\000w\000o\000r\000k\000f\000l\000o\000w\000\040\000e\000x\000a\000m\000p\000l\000e}{section.8}% 27
\BOOKMARK [1][-]{section.9}{\376\377\000D\000i\000s\000c\000u\000s\000s\000i\000o\000n}{}% 28
\BOOKMARK [2][-]{subsection.9.1}{\376\377\000R\000e\000l\000a\000t\000i\000o\000n\000\040\000t\000o\000\040\000e\000x\000i\000s\000t\000i\000n\000g\000\040\000c\000o\000m\000p\000u\000t\000a\000t\000i\000o\000n\000a\000l\000\040\000w\000o\000r\000k\000f\000l\000o\000w\000s}{section.9}% 29
\BOOKMARK [2][-]{subsection.9.2}{\376\377\000W\000h\000y\000\040\000t\000h\000e\000\040\000s\000o\000f\000t\000w\000a\000r\000e\000\040\000f\000r\000a\000m\000i\000n\000g\000\040\000m\000a\000t\000t\000e\000r\000s}{section.9}% 30
\BOOKMARK [2][-]{subsection.9.3}{\376\377\000P\000r\000a\000c\000t\000i\000c\000a\000l\000\040\000u\000s\000e\000\040\000c\000a\000s\000e\000s}{section.9}% 31
\BOOKMARK [2][-]{subsection.9.4}{\376\377\000D\000a\000t\000a\000\040\000s\000t\000r\000u\000c\000t\000u\000r\000e\000s\000\040\000a\000n\000d\000\040\000i\000n\000t\000e\000r\000o\000p\000e\000r\000a\000b\000i\000l\000i\000t\000y}{section.9}% 32
\BOOKMARK [2][-]{subsection.9.5}{\376\377\000E\000r\000r\000o\000r\000\040\000h\000a\000n\000d\000l\000i\000n\000g\000\040\000a\000n\000d\000\040\000u\000s\000e\000r\000\040\000t\000r\000u\000s\000t}{section.9}% 33
\BOOKMARK [2][-]{subsection.9.6}{\376\377\000R\000e\000p\000r\000o\000d\000u\000c\000i\000b\000i\000l\000i\000t\000y\000\040\000b\000e\000y\000o\000n\000d\000\040\000i\000n\000s\000t\000a\000l\000l\000a\000t\000i\000o\000n}{section.9}% 34
\BOOKMARK [1][-]{section.10}{\376\377\000L\000i\000m\000i\000t\000a\000t\000i\000o\000n\000s}{}% 35
\BOOKMARK [1][-]{section.11}{\376\377\000A\000v\000a\000i\000l\000a\000b\000i\000l\000i\000t\000y\000\040\000a\000n\000d\000\040\000i\000m\000p\000l\000e\000m\000e\000n\000t\000a\000t\000i\000o\000n}{}% 36
\BOOKMARK [1][-]{section.12}{\376\377\000D\000a\000t\000a\000\040\000a\000v\000a\000i\000l\000a\000b\000i\000l\000i\000t\000y}{}% 37
\BOOKMARK [1][-]{section.13}{\376\377\000C\000o\000d\000e\000\040\000a\000v\000a\000i\000l\000a\000b\000i\000l\000i\000t\000y}{}% 38
\BOOKMARK [1][-]{section.14}{\376\377\000A\000u\000t\000h\000o\000r\000\040\000c\000o\000n\000t\000r\000i\000b\000u\000t\000i\000o\000n\000s}{}% 39
\BOOKMARK [1][-]{section.15}{\376\377\000F\000u\000n\000d\000i\000n\000g}{}% 40
\BOOKMARK [1][-]{section.16}{\376\377\000C\000o\000n\000f\000l\000i\000c\000t\000\040\000o\000f\000\040\000i\000n\000t\000e\000r\000e\000s\000t}{}% 41
