\BOOKMARK [1][-]{section.1}{\376\377\000I\000n\000t\000r\000o\000d\000u\000c\000t\000i\000o\000n}{}% 1
\BOOKMARK [1][-]{section.2}{\376\377\000R\000e\000s\000u\000l\000t\000s}{}% 2
\BOOKMARK [2][-]{subsection.2.1}{\376\377\000N\000e\000u\000r\000o\000F\000a\000t\000e\000-\000A\000x\000i\000s\000\040\000l\000o\000c\000k\000s\000\040\000e\000n\000d\000p\000o\000i\000n\000t\000s\000\040\000b\000e\000f\000o\000r\000e\000\040\000c\000r\000o\000s\000s\000-\000c\000o\000h\000o\000r\000t\000\040\000a\000x\000i\000s\000\040\000t\000e\000s\000t\000i\000n\000g}{section.2}% 3
\BOOKMARK [2][-]{subsection.2.2}{\376\377\000S\000E\000A\000-\000A\000D\000\040\000i\000d\000e\000n\000t\000i\000f\000i\000e\000s\000\040\000e\000n\000d\000p\000o\000i\000n\000t\000-\000l\000o\000c\000k\000e\000d\000\040\000A\000D\000-\000a\000s\000s\000o\000c\000i\000a\000t\000e\000d\000\040\000a\000x\000e\000s}{section.2}% 4
\BOOKMARK [2][-]{subsection.2.3}{\376\377\000G\000S\000E\0001\0007\0004\0003\0006\0007\000\040\000p\000r\000o\000v\000i\000d\000e\000s\000\040\000n\000o\000m\000i\000n\000a\000l\000\040\000i\000n\000d\000e\000p\000e\000n\000d\000e\000n\000t\000\040\000A\000D\000\040\000r\000e\000p\000l\000i\000c\000a\000t\000i\000o\000n\000\040\000o\000f\000\040\000n\000e\000u\000r\000o\000n\000a\000l\000\040\000v\000u\000l\000n\000e\000r\000a\000b\000i\000l\000i\000t\000y}{section.2}% 5
\BOOKMARK [2][-]{subsection.2.4}{\376\377\000P\000D\000\040\000c\000o\000h\000o\000r\000t\000s\000\040\000s\000h\000o\000w\000\040\000p\000r\000e\000l\000i\000m\000i\000n\000a\000r\000y\000\040\000c\000o\000n\000v\000e\000r\000g\000e\000n\000c\000e\000\040\000b\000u\000t\000\040\000w\000e\000a\000k\000\040\000s\000h\000a\000r\000e\000d\000-\000a\000x\000i\000s\000\040\000r\000e\000p\000l\000i\000c\000a\000t\000i\000o\000n}{section.2}% 6
\BOOKMARK [2][-]{subsection.2.5}{\376\377\000G\000S\000E\0007\0006\0002\0001\000\040\000r\000e\000v\000e\000a\000l\000s\000\040\000c\000a\000n\000d\000i\000d\000a\000t\000e\000\040\000P\000D\000-\000d\000i\000v\000e\000r\000g\000e\000n\000t\000\040\000s\000y\000n\000u\000c\000l\000e\000i\000n\040\023\000m\000i\000t\000o\000c\000h\000o\000n\000d\000r\000i\000a\000l\000\040\000r\000e\000m\000o\000d\000e\000l\000i\000n\000g}{section.2}% 7
\BOOKMARK [1][-]{section.3}{\376\377\000D\000i\000s\000c\000u\000s\000s\000i\000o\000n}{}% 8
\BOOKMARK [1][-]{section.4}{\376\377\000M\000a\000t\000e\000r\000i\000a\000l\000s\000\040\000a\000n\000d\000\040\000M\000e\000t\000h\000o\000d\000s}{}% 9
\BOOKMARK [2][-]{subsection.4.1}{\376\377\000C\000o\000h\000o\000r\000t\000\040\000a\000c\000q\000u\000i\000s\000i\000t\000i\000o\000n\000\040\000a\000n\000d\000\040\000i\000n\000c\000l\000u\000s\000i\000o\000n}{section.4}% 10
\BOOKMARK [2][-]{subsection.4.2}{\376\377\000M\000e\000t\000a\000d\000a\000t\000a\000\040\000h\000a\000r\000m\000o\000n\000i\000z\000a\000t\000i\000o\000n}{section.4}% 11
\BOOKMARK [2][-]{subsection.4.3}{\376\377\000E\000n\000d\000p\000o\000i\000n\000t\000\040\000l\000o\000c\000k\000i\000n\000g}{section.4}% 12
\BOOKMARK [2][-]{subsection.4.4}{\376\377\000N\000e\000u\000r\000o\000F\000a\000t\000e\000\040\000a\000x\000i\000s\000\040\000r\000e\000g\000i\000s\000t\000r\000y}{section.4}% 13
\BOOKMARK [2][-]{subsection.4.5}{\376\377\000A\000x\000i\000s\000\040\000s\000c\000o\000r\000e\000\040\000c\000a\000l\000c\000u\000l\000a\000t\000i\000o\000n}{section.4}% 14
\BOOKMARK [2][-]{subsection.4.6}{\376\377\000S\000p\000a\000r\000s\000e\000\040\000s\000i\000n\000g\000l\000e\000-\000n\000u\000c\000l\000e\000u\000s\000\040\000t\000a\000r\000g\000e\000t\000-\000g\000e\000n\000e\000\040\000e\000x\000t\000r\000a\000c\000t\000i\000o\000n}{section.4}% 15
\BOOKMARK [2][-]{subsection.4.7}{\376\377\000B\000u\000l\000k\000\040\000a\000n\000d\000\040\000m\000i\000c\000r\000o\000a\000r\000r\000a\000y\000\040\000g\000e\000n\000e\000/\000p\000r\000o\000b\000e\000\040\000m\000a\000p\000p\000i\000n\000g}{section.4}% 16
\BOOKMARK [2][-]{subsection.4.8}{\376\377\000S\000t\000a\000t\000i\000s\000t\000i\000c\000a\000l\000\040\000t\000e\000s\000t\000i\000n\000g}{section.4}% 17
\BOOKMARK [2][-]{subsection.4.9}{\376\377\000C\000r\000o\000s\000s\000-\000c\000o\000h\000o\000r\000t\000\040\000e\000v\000i\000d\000e\000n\000c\000e\000\040\000c\000l\000a\000s\000s\000i\000f\000i\000c\000a\000t\000i\000o\000n}{section.4}% 18
\BOOKMARK [2][-]{subsection.4.10}{\376\377\000R\000a\000n\000d\000o\000m\000-\000a\000x\000i\000s\000\040\000c\000o\000n\000t\000r\000o\000l\000s}{section.4}% 19
\BOOKMARK [2][-]{subsection.4.11}{\376\377\000L\000e\000a\000k\000a\000g\000e\000\040\000a\000n\000d\000\040\000n\000o\000-\000o\000v\000e\000r\000c\000l\000a\000i\000m\000i\000n\000g\000\040\000a\000u\000d\000i\000t\000s}{section.4}% 20
\BOOKMARK [2][-]{subsection.4.12}{\376\377\000S\000o\000f\000t\000w\000a\000r\000e\000\040\000i\000m\000p\000l\000e\000m\000e\000n\000t\000a\000t\000i\000o\000n\000\040\000a\000n\000d\000\040\000t\000e\000s\000t\000i\000n\000g}{section.4}% 21
\BOOKMARK [1][-]{section.5}{\376\377\000L\000i\000m\000i\000t\000a\000t\000i\000o\000n\000s}{}% 22
\BOOKMARK [1][-]{section.6}{\376\377\000D\000a\000t\000a\000\040\000a\000n\000d\000\040\000C\000o\000d\000e\000\040\000A\000v\000a\000i\000l\000a\000b\000i\000l\000i\000t\000y}{}% 23
\BOOKMARK [1][-]{section.7}{\376\377\000R\000e\000p\000r\000o\000d\000u\000c\000i\000b\000i\000l\000i\000t\000y\000\040\000a\000n\000d\000\040\000S\000o\000f\000t\000w\000a\000r\000e\000\040\000A\000v\000a\000i\000l\000a\000b\000i\000l\000i\000t\000y}{}% 24
\BOOKMARK [1][-]{section.8}{\376\377\000A\000u\000t\000h\000o\000r\000\040\000C\000o\000n\000t\000r\000i\000b\000u\000t\000i\000o\000n\000s}{}% 25
\BOOKMARK [1][-]{section.9}{\376\377\000C\000o\000m\000p\000e\000t\000i\000n\000g\000\040\000I\000n\000t\000e\000r\000e\000s\000t\000s}{}% 26
\BOOKMARK [1][-]{section.10}{\376\377\000A\000c\000k\000n\000o\000w\000l\000e\000d\000g\000e\000m\000e\000n\000t\000s}{}% 27
\BOOKMARK [1][-]{section.11}{\376\377\000F\000i\000g\000u\000r\000e\000\040\000l\000e\000g\000e\000n\000d\000s}{}% 28
\BOOKMARK [1][-]{section.12}{\376\377\000S\000u\000p\000p\000l\000e\000m\000e\000n\000t\000a\000r\000y\000\040\000t\000a\000b\000l\000e\000\040\000a\000n\000d\000\040\000f\000i\000g\000u\000r\000e\000\040\000l\000i\000s\000t}{}% 29
